[nest-frontend-v6.netlify.app/index.html]
[backblue.gif]
[fade.gif]
[index.html]
[nest-frontend-v6.netlify.app/assets/imgs/theme/favicon.svg]
[nest-frontend-v6.netlify.app/assets/css/plugins/animate.min.css]
[nest-frontend-v6.netlify.app/assets/css/main5103.css]
[nest-frontend-v6.netlify.app/assets/imgs/banner/popup-1.png]
[nest-frontend-v6.netlify.app/shop-product-right.html]
[nest-frontend-v6.netlify.app/shop-grid-right.html]
[nest-frontend-v6.netlify.app/assets/imgs/shop/product-16-2.jpg]
[nest-frontend-v6.netlify.app/assets/imgs/shop/product-16-1.jpg]
[nest-frontend-v6.netlify.app/assets/imgs/shop/product-16-3.jpg]
[nest-frontend-v6.netlify.app/assets/imgs/shop/product-16-4.jpg]
[nest-frontend-v6.netlify.app/assets/imgs/shop/product-16-5.jpg]
[nest-frontend-v6.netlify.app/assets/imgs/shop/product-16-6.jpg]
[nest-frontend-v6.netlify.app/assets/imgs/shop/product-16-7.jpg]
[nest-frontend-v6.netlify.app/assets/imgs/shop/thumbnail-3.jpg]
[nest-frontend-v6.netlify.app/assets/imgs/shop/thumbnail-4.jpg]
[nest-frontend-v6.netlify.app/assets/imgs/shop/thumbnail-5.jpg]
[nest-frontend-v6.netlify.app/assets/imgs/shop/thumbnail-6.jpg]
[nest-frontend-v6.netlify.app/assets/imgs/shop/thumbnail-7.jpg]
[nest-frontend-v6.netlify.app/assets/imgs/shop/thumbnail-8.jpg]
[nest-frontend-v6.netlify.app/assets/imgs/shop/thumbnail-9.jpg]
[nest-frontend-v6.netlify.app/page-about.14.delayed]
[nest-frontend-v6.netlify.app/page-account.html]
[nest-frontend-v6.netlify.app/shop-wishlist.html]
[nest-frontend-v6.netlify.app/shop-order.17.delayed]
[nest-frontend-v6.netlify.app/assets/imgs/theme/flag-fr.png]
[nest-frontend-v6.netlify.app/assets/imgs/theme/flag-dt.png]
[nest-frontend-v6.netlify.app/assets/imgs/theme/flag-ru.png]
[nest-frontend-v6.netlify.app/assets/imgs/theme/logo.svg]
[nest-frontend-v6.netlify.app/shop-compare.html]
[nest-frontend-v6.netlify.app/assets/imgs/theme/icons/icon-heart.svg]
[nest-frontend-v6.netlify.app/shop-cart.html]
[nest-frontend-v6.netlify.app/assets/imgs/theme/icons/icon-cart.svg]
[nest-frontend-v6.netlify.app/assets/imgs/shop/thumbnail-2.jpg]
[nest-frontend-v6.netlify.app/shop-checkout.html]
[nest-frontend-v6.netlify.app/assets/imgs/theme/icons/icon-user.svg]
[nest-frontend-v6.netlify.app/page-login.html]
[nest-frontend-v6.netlify.app/assets/imgs/theme/icons/category-1.svg]
[nest-frontend-v6.netlify.app/assets/imgs/theme/icons/category-2.svg]
[nest-frontend-v6.netlify.app/assets/imgs/theme/icons/category-3.svg]
[nest-frontend-v6.netlify.app/assets/imgs/theme/icons/category-4.svg]
[nest-frontend-v6.netlify.app/assets/imgs/theme/icons/category-5.svg]
[nest-frontend-v6.netlify.app/assets/imgs/theme/icons/category-6.svg]
[nest-frontend-v6.netlify.app/assets/imgs/theme/icons/category-7.svg]
[nest-frontend-v6.netlify.app/assets/imgs/theme/icons/category-8.svg]
[nest-frontend-v6.netlify.app/assets/imgs/theme/icons/category-9.svg]
[nest-frontend-v6.netlify.app/assets/imgs/theme/icons/category-10.svg]
[nest-frontend-v6.netlify.app/assets/imgs/theme/icons/icon-1.svg]
[nest-frontend-v6.netlify.app/assets/imgs/theme/icons/icon-2.svg]
[nest-frontend-v6.netlify.app/assets/imgs/theme/icons/icon-3.svg]
[nest-frontend-v6.netlify.app/assets/imgs/theme/icons/icon-4.svg]
[nest-frontend-v6.netlify.app/assets/imgs/theme/icons/icon-hot.svg]
[nest-frontend-v6.netlify.app/index-2.html]
[nest-frontend-v6.netlify.app/index-3.html]
[nest-frontend-v6.netlify.app/index-4.html]
[nest-frontend-v6.netlify.app/index-5.html]
[nest-frontend-v6.netlify.app/index-6.html]
[nest-frontend-v6.netlify.app/page-about-2.html]
[nest-frontend-v6.netlify.app/shop-grid-left.html]
[nest-frontend-v6.netlify.app/shop-list-right.html]
[nest-frontend-v6.netlify.app/shop-list-left.html]
[nest-frontend-v6.netlify.app/shop-fullwidth.html]
[nest-frontend-v6.netlify.app/shop-product-left.html]
[nest-frontend-v6.netlify.app/shop-product-full.html]
[nest-frontend-v6.netlify.app/shop-product-vendor.html]
[nest-frontend-v6.netlify.app/shop-filter.html]
[nest-frontend-v6.netlify.app/shop-invoice-1.html]
[nest-frontend-v6.netlify.app/shop-invoice-2.html]
[nest-frontend-v6.netlify.app/shop-invoice-3.html]
[nest-frontend-v6.netlify.app/shop-invoice-4.html]
[nest-frontend-v6.netlify.app/shop-invoice-5.html]
[nest-frontend-v6.netlify.app/shop-invoice-6.html]
[nest-frontend-v6.netlify.app/vendors-grid.html]
[nest-frontend-v6.netlify.app/vendors-list.html]
[nest-frontend-v6.netlify.app/vendor-details-1.html]
[nest-frontend-v6.netlify.app/vendor-details-2.html]
[nest-frontend-v6.netlify.app/vendor-dashboard.html]
[nest-frontend-v6.netlify.app/vendor-guide.html]
[nest-frontend-v6.netlify.app/assets/imgs/banner/banner-menu.png]
[nest-frontend-v6.netlify.app/blog-category-grid.html]
[nest-frontend-v6.netlify.app/blog-category-list.html]
[nest-frontend-v6.netlify.app/blog-category-big.html]
[nest-frontend-v6.netlify.app/blog-category-fullwidth.html]
[nest-frontend-v6.netlify.app/blog-post-left.html]
[nest-frontend-v6.netlify.app/blog-post-right.html]
[nest-frontend-v6.netlify.app/blog-post-fullwidth.html]
[nest-frontend-v6.netlify.app/page-contact.html]
[nest-frontend-v6.netlify.app/page-register.html]
[nest-frontend-v6.netlify.app/page-forgot-password.html]
[nest-frontend-v6.netlify.app/page-reset-password.html]
[nest-frontend-v6.netlify.app/page-purchase-guide.html]
[nest-frontend-v6.netlify.app/page-privacy-policy.html]
[nest-frontend-v6.netlify.app/page-terms.html]
[nest-frontend-v6.netlify.app/page-404.html]
[nest-frontend-v6.netlify.app/assets/imgs/theme/icons/icon-headphone.svg]
[nest-frontend-v6.netlify.app/assets/imgs/theme/icons/icon-twitter-white.svg]
[nest-frontend-v6.netlify.app/assets/imgs/slider/slider-1.png]
[nest-frontend-v6.netlify.app/assets/imgs/slider/slider-2.png]
[nest-frontend-v6.netlify.app/assets/imgs/shop/cat-13.png]
[nest-frontend-v6.netlify.app/assets/imgs/shop/cat-12.png]
[nest-frontend-v6.netlify.app/assets/imgs/shop/cat-11.png]
[nest-frontend-v6.netlify.app/assets/imgs/shop/cat-9.png]
[nest-frontend-v6.netlify.app/assets/imgs/shop/cat-3.png]
[nest-frontend-v6.netlify.app/assets/imgs/shop/cat-1.png]
[nest-frontend-v6.netlify.app/assets/imgs/shop/cat-2.png]
[nest-frontend-v6.netlify.app/assets/imgs/shop/cat-4.png]
[nest-frontend-v6.netlify.app/assets/imgs/shop/cat-5.png]
[nest-frontend-v6.netlify.app/assets/imgs/shop/cat-14.png]
[nest-frontend-v6.netlify.app/assets/imgs/shop/cat-15.png]
[nest-frontend-v6.netlify.app/assets/imgs/banner/banner-1.png]
[nest-frontend-v6.netlify.app/assets/imgs/banner/banner-2.png]
[nest-frontend-v6.netlify.app/assets/imgs/banner/banner-3.png]
[nest-frontend-v6.netlify.app/assets/imgs/shop/product-1-1.jpg]
[nest-frontend-v6.netlify.app/assets/imgs/shop/product-1-2.jpg]
[nest-frontend-v6.netlify.app/assets/imgs/shop/product-2-1.jpg]
[nest-frontend-v6.netlify.app/assets/imgs/shop/product-2-2.jpg]
[nest-frontend-v6.netlify.app/assets/imgs/shop/product-3-1.jpg]
[nest-frontend-v6.netlify.app/assets/imgs/shop/product-3-2.jpg]
[nest-frontend-v6.netlify.app/assets/imgs/shop/product-4-1.jpg]
[nest-frontend-v6.netlify.app/assets/imgs/shop/product-4-2.jpg]
[nest-frontend-v6.netlify.app/assets/imgs/shop/product-5-1.jpg]
[nest-frontend-v6.netlify.app/assets/imgs/shop/product-5-2.jpg]
[nest-frontend-v6.netlify.app/assets/imgs/shop/product-6-1.jpg]
[nest-frontend-v6.netlify.app/assets/imgs/shop/product-6-2.jpg]
[nest-frontend-v6.netlify.app/assets/imgs/shop/product-7-1.jpg]
[nest-frontend-v6.netlify.app/assets/imgs/shop/product-7-2.jpg]
[nest-frontend-v6.netlify.app/assets/imgs/shop/product-8-1.jpg]
[nest-frontend-v6.netlify.app/assets/imgs/shop/product-8-2.jpg]
[nest-frontend-v6.netlify.app/assets/imgs/shop/product-9-1.jpg]
[nest-frontend-v6.netlify.app/assets/imgs/shop/product-9-2.jpg]
[nest-frontend-v6.netlify.app/assets/imgs/shop/product-10-1.jpg]
[nest-frontend-v6.netlify.app/assets/imgs/shop/product-10-2.jpg]
[nest-frontend-v6.netlify.app/assets/imgs/shop/product-12-1.jpg]
[nest-frontend-v6.netlify.app/assets/imgs/shop/product-12-2.jpg]
[nest-frontend-v6.netlify.app/assets/imgs/shop/product-13-1.jpg]
[nest-frontend-v6.netlify.app/assets/imgs/shop/product-13-2.jpg]
[nest-frontend-v6.netlify.app/assets/imgs/shop/product-14-1.jpg]
[nest-frontend-v6.netlify.app/assets/imgs/shop/product-14-2.jpg]
[nest-frontend-v6.netlify.app/assets/imgs/shop/product-15-1.jpg]
[nest-frontend-v6.netlify.app/assets/imgs/shop/product-15-2.jpg]
[nest-frontend-v6.netlify.app/assets/imgs/shop/product-11-1.jpg]
[nest-frontend-v6.netlify.app/assets/imgs/shop/product-11-2.jpg]
[nest-frontend-v6.netlify.app/assets/imgs/banner/banner-5.png]
[nest-frontend-v6.netlify.app/assets/imgs/banner/banner-6.png]
[nest-frontend-v6.netlify.app/assets/imgs/banner/banner-7.png]
[nest-frontend-v6.netlify.app/assets/imgs/banner/banner-8.png]
[nest-frontend-v6.netlify.app/assets/imgs/shop/thumbnail-1.jpg]
[nest-frontend-v6.netlify.app/assets/imgs/shop/thumbnail-10.jpg]
[nest-frontend-v6.netlify.app/assets/imgs/shop/thumbnail-11.jpg]
[nest-frontend-v6.netlify.app/assets/imgs/shop/thumbnail-12.jpg]
[nest-frontend-v6.netlify.app/assets/imgs/banner/banner-9.png]
[nest-frontend-v6.netlify.app/assets/imgs/theme/icons/icon-5.svg]
[nest-frontend-v6.netlify.app/assets/imgs/theme/icons/icon-6.svg]
[nest-frontend-v6.netlify.app/assets/imgs/theme/icons/icon-location.svg]
[nest-frontend-v6.netlify.app/assets/imgs/theme/icons/icon-contact.svg]
[nest-frontend-v6.netlify.app/assets/imgs/theme/icons/icon-clock.svg]
[nest-frontend-v6.netlify.app/assets/imgs/theme/app-store.jpg]
[nest-frontend-v6.netlify.app/assets/imgs/theme/google-play.jpg]
[nest-frontend-v6.netlify.app/assets/imgs/theme/payment-method.png]
[nest-frontend-v6.netlify.app/assets/imgs/theme/icons/phone-call.svg]
[nest-frontend-v6.netlify.app/assets/imgs/theme/loading.gif]
[nest-frontend-v6.netlify.app/assets/js/vendor/modernizr-3.6.0.min.js]
[nest-frontend-v6.netlify.app/assets/js/vendor/jquery-3.6.0.min.js]
[nest-frontend-v6.netlify.app/assets/js/vendor/jquery-migrate-3.3.0.min.js]
[nest-frontend-v6.netlify.app/assets/js/vendor/bootstrap.bundle.min.js]
[nest-frontend-v6.netlify.app/assets/js/plugins/slick.js]
[nest-frontend-v6.netlify.app/assets/js/plugins/jquery.syotimer.min.js]
[nest-frontend-v6.netlify.app/assets/js/plugins/waypoints.js]
[nest-frontend-v6.netlify.app/assets/js/plugins/wow.js]
[nest-frontend-v6.netlify.app/assets/js/plugins/perfect-scrollbar.js]
[nest-frontend-v6.netlify.app/assets/js/plugins/magnific-popup.js]
[nest-frontend-v6.netlify.app/assets/js/plugins/select2.min.js]
[nest-frontend-v6.netlify.app/assets/js/plugins/counterup.js]
[nest-frontend-v6.netlify.app/assets/js/plugins/jquery.countdown.min.js]
[nest-frontend-v6.netlify.app/assets/js/plugins/images-loaded.js]
[nest-frontend-v6.netlify.app/assets/js/plugins/isotope.js]
[nest-frontend-v6.netlify.app/assets/js/plugins/scrollup.js]
[nest-frontend-v6.netlify.app/assets/js/plugins/jquery.vticker-min.js]
[nest-frontend-v6.netlify.app/assets/js/plugins/jquery.theia.sticky.js]
[nest-frontend-v6.netlify.app/assets/js/plugins/jquery.elevatezoom.js]
[nest-frontend-v6.netlify.app/assets/js/main5103.js]
[nest-frontend-v6.netlify.app/assets/js/shop5103.js]
[nest-frontend-v6.netlify.app/index.html]
[nest-frontend-v6.netlify.app/assets/imgs/theme/favicon.svg]
[nest-frontend-v6.netlify.app/assets/css/plugins/animate.min.css]
[nest-frontend-v6.netlify.app/assets/css/vendors/normalize.css]
[nest-frontend-v6.netlify.app/assets/css/vendors/bootstrap.min.css]
[nest-frontend-v6.netlify.app/assets/css/vendors/uicons-regular-straight.css]
[nest-frontend-v6.netlify.app/assets/css/plugins/magnific-popup.css]
[nest-frontend-v6.netlify.app/assets/css/plugins/select2.min.css]
[nest-frontend-v6.netlify.app/assets/css/plugins/slick.css]
[nest-frontend-v6.netlify.app/assets/css/plugins/perfect-scrollbar.css]
[nest-frontend-v6.netlify.app/assets/imgs/favicon.c2.delayed]
[nest-frontend-v6.netlify.app/assets/imgs/theme/wave.png]
[nest-frontend-v6.netlify.app/assets/imgs/theme/btn-brush-bg-1.c4.delayed]
[nest-frontend-v6.netlify.app/assets/imgs/theme/btn-brush-bg-2.c5.delayed]
[nest-frontend-v6.netlify.app/assets/imgs/theme/btn-brush-bg-3.c6.delayed]
[nest-frontend-v6.netlify.app/assets/imgs/theme/icons/icon-plane.png]
[nest-frontend-v6.netlify.app/assets/imgs/banner/banner-12.png]
[nest-frontend-v6.netlify.app/assets/imgs/banner/banner-4.png]
[nest-frontend-v6.netlify.app/assets/imgs/banner/banner-11.png]
[nest-frontend-v6.netlify.app/assets/imgs/page/home-6-bg.jpg]
[nest-frontend-v6.netlify.app/assets/imgs/theme/icons/icon-search.png]
[nest-frontend-v6.netlify.app/assets/imgs/page/about-9.png]
[nest-frontend-v6.netlify.app/assets/imgs/theme/rating-stars.png]
[nest-frontend-v6.netlify.app/assets/imgs/theme/icons/coupon.png]
[nest-frontend-v6.netlify.app/assets/imgs/blog/header-bg.png]
[nest-frontend-v6.netlify.app/assets/imgs/invoice/header-bg-1.png]
[nest-frontend-v6.netlify.app/assets/imgs/invoice/header-bg-2.jpg]
[nest-frontend-v6.netlify.app/assets/imgs/theme/icons/search.png]
[nest-frontend-v6.netlify.app/assets/imgs/banner/fillter-widget-bg.png]
[nest-frontend-v6.netlify.app/assets/imgs/banner/banner-10.png]
[nest-frontend-v6.netlify.app/assets/css/main5103.css]
[nest-frontend-v6.netlify.app/assets/css/plugins/slider-range.css]
[nest-frontend-v6.netlify.app/assets/imgs/vendor/vendor-18.svg]
[nest-frontend-v6.netlify.app/assets/imgs/blog/author-2.png]
[nest-frontend-v6.netlify.app/assets/imgs/blog/author-3.png]
[nest-frontend-v6.netlify.app/assets/imgs/blog/author-4.png]
[nest-frontend-v6.netlify.app/shop-product-detail.db.delayed]
[nest-frontend-v6.netlify.app/shop-product-right.html]
[nest-frontend-v6.netlify.app/shop-grid-right.html]
[nest-frontend-v6.netlify.app/page-about.html]
[nest-frontend-v6.netlify.app/assets/js/plugins/slider-range.js]
[nest-frontend-v6.netlify.app/assets/imgs/banner/banner-13.png]
[nest-frontend-v6.netlify.app/page-account.html]
[nest-frontend-v6.netlify.app/shop-wishlist.html]
[nest-frontend-v6.netlify.app/shop-order.html]
[nest-frontend-v6.netlify.app/assets/imgs/theme/logo.svg]
[nest-frontend-v6.netlify.app/shop-compare.html]
[nest-frontend-v6.netlify.app/assets/imgs/theme/icons/icon-compare.svg]
[nest-frontend-v6.netlify.app/assets/imgs/theme/icons/icon-heart.svg]
[nest-frontend-v6.netlify.app/shop-cart.html]
[nest-frontend-v6.netlify.app/assets/imgs/theme/icons/icon-cart.svg]
[nest-frontend-v6.netlify.app/assets/js/plugins/jquery-ui.js]
[nest-frontend-v6.netlify.app/assets/imgs/theme/icons/payment-paypal.svg]
[nest-frontend-v6.netlify.app/assets/imgs/theme/icons/payment-visa.svg]
[nest-frontend-v6.netlify.app/assets/imgs/theme/icons/payment-master.svg]
[nest-frontend-v6.netlify.app/shop-checkout.html]
[nest-frontend-v6.netlify.app/assets/imgs/theme/icons/payment-zapper.svg]
[nest-frontend-v6.netlify.app/assets/imgs/theme/icons/icon-user.svg]
[nest-frontend-v6.netlify.app/assets/imgs/page/login-1.png]
[nest-frontend-v6.netlify.app/page-login.html]
[nest-frontend-v6.netlify.app/assets/imgs/theme/icons/category-1.svg]
[nest-frontend-v6.netlify.app/assets/imgs/theme/icons/category-2.svg]
[nest-frontend-v6.netlify.app/assets/imgs/theme/icons/category-3.svg]
[nest-frontend-v6.netlify.app/assets/imgs/theme/icons/category-4.svg]
[nest-frontend-v6.netlify.app/assets/imgs/theme/icons/category-5.svg]
[nest-frontend-v6.netlify.app/assets/imgs/theme/icons/category-6.svg]
[nest-frontend-v6.netlify.app/assets/imgs/theme/icons/category-7.svg]
[nest-frontend-v6.netlify.app/assets/imgs/theme/icons/category-8.svg]
[nest-frontend-v6.netlify.app/assets/imgs/theme/icons/category-9.svg]
[nest-frontend-v6.netlify.app/assets/imgs/theme/icons/category-10.svg]
[nest-frontend-v6.netlify.app/assets/imgs/theme/icons/icon-1.svg]
[nest-frontend-v6.netlify.app/assets/imgs/theme/icons/icon-2.svg]
[nest-frontend-v6.netlify.app/assets/imgs/theme/icons/icon-3.svg]
[nest-frontend-v6.netlify.app/assets/imgs/theme/icons/icon-4.svg]
[nest-frontend-v6.netlify.app/assets/imgs/theme/icons/icon-hot.svg]
[nest-frontend-v6.netlify.app/assets/imgs/slider/slider-3.png]
[nest-frontend-v6.netlify.app/assets/imgs/slider/slider-4.png]
[nest-frontend-v6.netlify.app/assets/imgs/theme/icons/category-11.svg]
[nest-frontend-v6.netlify.app/index-2.html]
[nest-frontend-v6.netlify.app/index-3.html]
[nest-frontend-v6.netlify.app/assets/imgs/slider/slider-5.png]
[nest-frontend-v6.netlify.app/assets/imgs/slider/slider-6.png]
[nest-frontend-v6.netlify.app/index-4.html]
[nest-frontend-v6.netlify.app/assets/imgs/theme/icons/icon-hot-white.svg]
[nest-frontend-v6.netlify.app/assets/imgs/theme/icons/icon-headphone-white.svg]
[nest-frontend-v6.netlify.app/assets/imgs/slider/slider-7.png]
[nest-frontend-v6.netlify.app/assets/imgs/slider/slider-8.png]
[nest-frontend-v6.netlify.app/assets/imgs/banner/banner-14.png]
[nest-frontend-v6.netlify.app/assets/imgs/banner/banner-15.png]
[nest-frontend-v6.netlify.app/assets/imgs/banner/banner-16.png]
[nest-frontend-v6.netlify.app/assets/imgs/banner/banner-17.png]
[nest-frontend-v6.netlify.app/assets/imgs/banner/banner-18.png]
[nest-frontend-v6.netlify.app/assets/imgs/banner/banner-19.png]
[nest-frontend-v6.netlify.app/index-5.html]
[nest-frontend-v6.netlify.app/index-6.html]
[nest-frontend-v6.netlify.app/assets/imgs/page/about-1.png]
[nest-frontend-v6.netlify.app/assets/imgs/page/about-2.png]
[nest-frontend-v6.netlify.app/assets/imgs/page/about-3.png]
[nest-frontend-v6.netlify.app/assets/imgs/page/about-4.png]
[nest-frontend-v6.netlify.app/assets/imgs/page/about-5.png]
[nest-frontend-v6.netlify.app/assets/imgs/page/about-6.png]
[nest-frontend-v6.netlify.app/assets/imgs/theme/icons/icon-twitter-brand.svg]
[nest-frontend-v6.netlify.app/assets/imgs/page/about-8.png]
[nest-frontend-v6.netlify.app/page-about-2.html]
[nest-frontend-v6.netlify.app/shop-grid-left.html]
[nest-frontend-v6.netlify.app/shop-list-right.html]
[nest-frontend-v6.netlify.app/shop-list-left.html]
[nest-frontend-v6.netlify.app/shop-fullwidth.html]
[nest-frontend-v6.netlify.app/shop-product-left.html]
[nest-frontend-v6.netlify.app/shop-product-full.html]
[nest-frontend-v6.netlify.app/shop-product-vendor.html]
[nest-frontend-v6.netlify.app/shop-filter.html]
[nest-frontend-v6.netlify.app/assets/imgs/theme/logo-light.svg]
[nest-frontend-v6.netlify.app/assets/imgs/theme/icons/icon-download.svg]
[nest-frontend-v6.netlify.app/assets/js/invoice/jspdf.min.js]
[nest-frontend-v6.netlify.app/assets/js/invoice/invoice.js]
[nest-frontend-v6.netlify.app/shop-invoice-1.html]
[nest-frontend-v6.netlify.app/shop-invoice-2.html]
[nest-frontend-v6.netlify.app/shop-invoice-3.html]
[nest-frontend-v6.netlify.app/shop-invoice-4.html]
[nest-frontend-v6.netlify.app/assets/imgs/invoice/banner.png]
[nest-frontend-v6.netlify.app/shop-invoice-5.html]
[nest-frontend-v6.netlify.app/assets/imgs/theme/icons/icon-invoice.svg]
[nest-frontend-v6.netlify.app/shop-invoice-6.html]
[nest-frontend-v6.netlify.app/assets/imgs/vendor/vendor-1.png]
[nest-frontend-v6.netlify.app/assets/imgs/vendor/vendor-7.png]
[nest-frontend-v6.netlify.app/assets/imgs/vendor/vendor-2.png]
[nest-frontend-v6.netlify.app/assets/imgs/vendor/vendor-8.png]
[nest-frontend-v6.netlify.app/assets/imgs/vendor/vendor-3.png]
[nest-frontend-v6.netlify.app/assets/imgs/vendor/vendor-9.png]
[nest-frontend-v6.netlify.app/assets/imgs/vendor/vendor-4.png]
[nest-frontend-v6.netlify.app/assets/imgs/vendor/vendor-10.png]
[nest-frontend-v6.netlify.app/assets/imgs/vendor/vendor-5.png]
[nest-frontend-v6.netlify.app/assets/imgs/vendor/vendor-11.png]
[nest-frontend-v6.netlify.app/assets/imgs/vendor/vendor-6.png]
[nest-frontend-v6.netlify.app/assets/imgs/vendor/vendor-12.png]
[nest-frontend-v6.netlify.app/assets/imgs/vendor/vendor-13.png]
[nest-frontend-v6.netlify.app/assets/imgs/vendor/vendor-14.png]
[nest-frontend-v6.netlify.app/assets/imgs/vendor/vendor-15.png]
[nest-frontend-v6.netlify.app/vendors-grid.html]
[nest-frontend-v6.netlify.app/vendors-list.html]
[nest-frontend-v6.netlify.app/assets/imgs/vendor/vendor-16.png]
[nest-frontend-v6.netlify.app/assets/imgs/theme/icons/social-tw.svg]
[nest-frontend-v6.netlify.app/assets/imgs/theme/icons/social-insta.svg]
[nest-frontend-v6.netlify.app/vendor-details-1.html]
[nest-frontend-v6.netlify.app/assets/imgs/theme/icons/social-pin.svg]
[nest-frontend-v6.netlify.app/assets/imgs/vendor/vendor-header-bg.png]
[nest-frontend-v6.netlify.app/assets/imgs/vendor/vendor-17.png]
[nest-frontend-v6.netlify.app/assets/imgs/banner/banner-10.jpg]
[nest-frontend-v6.netlify.app/vendor-details-2.html]
[nest-frontend-v6.netlify.app/vendor-dashboard.html]
[nest-frontend-v6.netlify.app/vendor-guide.html]
[nest-frontend-v6.netlify.app/assets/imgs/blog/blog-1.png]
[nest-frontend-v6.netlify.app/assets/imgs/blog/blog-2.png]
[nest-frontend-v6.netlify.app/assets/imgs/blog/blog-3.png]
[nest-frontend-v6.netlify.app/assets/imgs/blog/blog-4.png]
[nest-frontend-v6.netlify.app/assets/imgs/blog/blog-5.png]
[nest-frontend-v6.netlify.app/assets/imgs/blog/blog-6.png]
[nest-frontend-v6.netlify.app/assets/imgs/blog/blog-7.png]
[nest-frontend-v6.netlify.app/assets/imgs/blog/blog-8.png]
[nest-frontend-v6.netlify.app/assets/imgs/blog/blog-9.png]
[nest-frontend-v6.netlify.app/assets/imgs/blog/blog-10.png]
[nest-frontend-v6.netlify.app/assets/imgs/blog/blog-12.png]
[nest-frontend-v6.netlify.app/assets/imgs/blog/blog-13.png]
[nest-frontend-v6.netlify.app/assets/imgs/blog/blog-14.png]
[nest-frontend-v6.netlify.app/assets/imgs/blog/blog-15.png]
[nest-frontend-v6.netlify.app/blog-category-grid.html]
[nest-frontend-v6.netlify.app/blog-category-list.html]
[nest-frontend-v6.netlify.app/assets/imgs/blog/blog-16.png]
[nest-frontend-v6.netlify.app/assets/imgs/blog/blog-17.png]
[nest-frontend-v6.netlify.app/assets/imgs/blog/blog-18.png]
[nest-frontend-v6.netlify.app/blog-category-big.html]
[nest-frontend-v6.netlify.app/blog-category-fullwidth.html]
[nest-frontend-v6.netlify.app/assets/imgs/blog/author-1.png]
[nest-frontend-v6.netlify.app/assets/imgs/theme/icons/icon-heart-2.svg]
[nest-frontend-v6.netlify.app/assets/imgs/blog/blog-19.png]
[nest-frontend-v6.netlify.app/assets/imgs/blog/blog-21.png]
[nest-frontend-v6.netlify.app/assets/imgs/theme/icons/icon-twitter.svg]
[nest-frontend-v6.netlify.app/author.136.delayed]
[nest-frontend-v6.netlify.app/blog-post-left.html]
[nest-frontend-v6.netlify.app/blog-post-right.html]
[nest-frontend-v6.netlify.app/blog-post-fullwidth.html]
[unpkg.com/leaflet@1.7.1/dist/leaflet.css]
[unpkg.com/leaflet@1.7.1/dist/leaflet.js]
[nest-frontend-v6.netlify.app/assets/imgs/page/contact-2.png]
[nest-frontend-v6.netlify.app/page-contact.html]
[nest-frontend-v6.netlify.app/assets/js/plugins/leaflet.js]
[nest-frontend-v6.netlify.app/assets/imgs/theme/icons/logo-google.svg]
[nest-frontend-v6.netlify.app/assets/imgs/theme/icons/logo-apple.svg]
[nest-frontend-v6.netlify.app/page-register.html]
[nest-frontend-v6.netlify.app/assets/imgs/page/forgot_password.svg]
[nest-frontend-v6.netlify.app/page-forgot-password.html]
[nest-frontend-v6.netlify.app/assets/imgs/page/reset_password.svg]
[nest-frontend-v6.netlify.app/page-reset-password.html]
[nest-frontend-v6.netlify.app/assets/imgs/page/guide-1.png]
[nest-frontend-v6.netlify.app/page-purchase-guide.html]
[nest-frontend-v6.netlify.app/page-privacy-policy.html]
[nest-frontend-v6.netlify.app/page-terms.html]
[nest-frontend-v6.netlify.app/assets/imgs/page/page-404.png]
[nest-frontend-v6.netlify.app/page-404.html]
[nest-frontend-v6.netlify.app/assets/imgs/theme/icons/icon-headphone.svg]
[nest-frontend-v6.netlify.app/assets/imgs/theme/icons/icon-facebook-white.svg]
[nest-frontend-v6.netlify.app/assets/imgs/theme/icons/icon-twitter-white.svg]
[nest-frontend-v6.netlify.app/assets/imgs/theme/icons/icon-instagram-white.svg]
[nest-frontend-v6.netlify.app/assets/imgs/theme/icons/icon-pinterest-white.svg]
[nest-frontend-v6.netlify.app/assets/imgs/theme/icons/icon-youtube-white.svg]
[nest-frontend-v6.netlify.app/assets/imgs/theme/icons/icon-5.svg]
[nest-frontend-v6.netlify.app/assets/imgs/theme/icons/icon-6.svg]
[nest-frontend-v6.netlify.app/assets/imgs/theme/icons/icon-location.svg]
[nest-frontend-v6.netlify.app/assets/imgs/theme/icons/icon-contact.svg]
[nest-frontend-v6.netlify.app/assets/imgs/theme/icons/icon-email-2.svg]
[nest-frontend-v6.netlify.app/assets/imgs/theme/icons/icon-clock.svg]
[nest-frontend-v6.netlify.app/assets/imgs/theme/icons/phone-call.svg]
[nest-frontend-v6.netlify.app/assets/css/vendors/normalize.css]
[nest-frontend-v6.netlify.app/assets/css/vendors/bootstrap.min.css]
[nest-frontend-v6.netlify.app/assets/fonts/uicons/uicons-regular-straight.eot]
[nest-frontend-v6.netlify.app/assets/fonts/uicons/uicons-regular-straight.woff2]
[nest-frontend-v6.netlify.app/assets/css/vendors/uicons-regular-straight.css]
[nest-frontend-v6.netlify.app/assets/css/plugins/magnific-popup.css]
[nest-frontend-v6.netlify.app/assets/css/plugins/select2.min.css]
[nest-frontend-v6.netlify.app/assets/css/plugins/slick.css]
[nest-frontend-v6.netlify.app/assets/css/plugins/perfect-scrollbar.css]
[nest-frontend-v6.netlify.app/assets/imgs/favicon.html]
[nest-frontend-v6.netlify.app/assets/imgs/theme/btn-brush-bg-1.html]
[nest-frontend-v6.netlify.app/assets/imgs/theme/btn-brush-bg-2.html]
[nest-frontend-v6.netlify.app/assets/imgs/theme/btn-brush-bg-3.html]
[nest-frontend-v6.netlify.app/assets/css/plugins/slider-range.css]
[nest-frontend-v6.netlify.app/assets/imgs/vendor/vendor-18.svg]
[nest-frontend-v6.netlify.app/shop-product-detail.html]
[nest-frontend-v6.netlify.app/assets/imgs/theme/icons/payment-paypal.svg]
[nest-frontend-v6.netlify.app/assets/imgs/theme/icons/payment-visa.svg]
[nest-frontend-v6.netlify.app/assets/imgs/theme/icons/payment-master.svg]
[nest-frontend-v6.netlify.app/assets/imgs/theme/icons/payment-zapper.svg]
[nest-frontend-v6.netlify.app/assets/imgs/theme/icons/category-11.svg]
[nest-frontend-v6.netlify.app/assets/imgs/theme/icons/icon-hot-white.svg]
[nest-frontend-v6.netlify.app/assets/imgs/theme/icons/icon-headphone-white.svg]
[nest-frontend-v6.netlify.app/assets/imgs/theme/icons/icon-facebook-brand.svg]
[nest-frontend-v6.netlify.app/assets/imgs/theme/icons/icon-twitter-brand.svg]
[nest-frontend-v6.netlify.app/assets/imgs/theme/icons/icon-instagram-brand.svg]
[nest-frontend-v6.netlify.app/assets/imgs/theme/icons/icon-youtube-brand.svg]
[nest-frontend-v6.netlify.app/assets/imgs/theme/logo-light.svg]
[nest-frontend-v6.netlify.app/assets/imgs/theme/icons/icon-print.svg]
[nest-frontend-v6.netlify.app/assets/imgs/theme/icons/icon-download.svg]
[nest-frontend-v6.netlify.app/assets/imgs/theme/icons/icon-invoice.svg]
[nest-frontend-v6.netlify.app/assets/imgs/theme/icons/social-tw.svg]
[nest-frontend-v6.netlify.app/assets/imgs/theme/icons/social-fb.svg]
[nest-frontend-v6.netlify.app/assets/imgs/theme/icons/social-insta.svg]
[nest-frontend-v6.netlify.app/assets/imgs/theme/icons/social-pin.svg]
[nest-frontend-v6.netlify.app/assets/imgs/theme/icons/icon-bookmark.svg]
[nest-frontend-v6.netlify.app/assets/imgs/theme/icons/icon-heart-2.svg]
[nest-frontend-v6.netlify.app/assets/imgs/theme/icons/icon-facebook.svg]
[nest-frontend-v6.netlify.app/assets/imgs/theme/icons/icon-twitter.svg]
[nest-frontend-v6.netlify.app/assets/imgs/theme/icons/icon-instagram.svg]
[nest-frontend-v6.netlify.app/assets/imgs/theme/icons/icon-pinterest.svg]
[nest-frontend-v6.netlify.app/author.html]
[nest-frontend-v6.netlify.app/assets/fonts/uicons/uicons-regular-straight.woff]
[unpkg.com/leaflet@1.7.1/dist/images/layers.png]
[unpkg.com/leaflet@1.7.1/dist/images/layers-2x.png]
[unpkg.com/leaflet@1.7.1/dist/images/marker-icon.png]
[unpkg.com/leaflet@1.7.1/dist/leaflet.css]
[nest-frontend-v6.netlify.app/assets/imgs/theme/icons/logo-facebook.svg]
[nest-frontend-v6.netlify.app/assets/imgs/theme/icons/logo-google.svg]
[nest-frontend-v6.netlify.app/assets/imgs/theme/icons/logo-apple.svg]
[nest-frontend-v6.netlify.app/assets/imgs/page/forgot_password.svg]
[nest-frontend-v6.netlify.app/assets/imgs/page/reset_password.svg]
